// Jest Snapshot v1, https://goo.gl/fbAQLP

exports[`App should match snapshot 1`] = `
<ModalComponent
  baseText="Already have an account?"
  formLink="signin"
  link="Sign In"
  title="sign up"
>
  <SignUpForm />
</ModalComponent>
`;
