// Jest Snapshot v1, https://goo.gl/fbAQLP

exports[`Form Container component should matches the snapshot 1`] = `
<Fragment>
  <RedirectLoader />
  <Modal
    centered={true}
    className="authModal"
    closeOnDimmerClick={true}
    closeOnDocumentClick={false}
    dimmer={true}
    eventPool="Modal"
    onClose={[Function]}
    open={true}
    size="mini"
  >
    <ModalContent>
      <h2
        className="header headerTitle"
      >
        sign in
      </h2>
      <hr
        className="headerBotton"
      />
      <ModalDescription>
        <ModalDivider
          text="or sign in with"
        />
        <SocialIcons />
        <h5
          className="baseText"
        >
          Create an account
          Â 
          <Link
            replace={false}
            to="/signin"
          >
            sign up
          </Link>
        </h5>
      </ModalDescription>
    </ModalContent>
  </Modal>
</Fragment>
`;
