// Jest Snapshot v1, https://goo.gl/fbAQLP

exports[`App should match snapshot 1`] = `
<ModalComponent
  baseText="Create an account."
  formLink="signup"
  link="Sign up"
  title="sign in"
>
  <SignIn />
</ModalComponent>
`;
