// Jest Snapshot v1, https://goo.gl/fbAQLP

exports[`AccountVerification Component should match snapshot 1`] = `
<Fragment>
  <RedirectLoader />
  <Redirect
    push={false}
    to="/"
  />
</Fragment>
`;
