// Jest Snapshot v1, https://goo.gl/fbAQLP

exports[`ProfileMenu should match snapshot 1`] = `
<div
  className="menu-item profileMenu"
/>
`;
