// Jest Snapshot v1, https://goo.gl/fbAQLP

exports[`Create Articles should match snapshot 1`] = `<CreateArticleTab />`;
