// Jest Snapshot v1, https://goo.gl/fbAQLP

exports[`Editor Component should rendered Editor component without crashing 1`] = `
<ContextConsumer>
  <Component />
</ContextConsumer>
`;
