// Jest Snapshot v1, https://goo.gl/fbAQLP

exports[`SignIn Form should matches the snapshot 1`] = `
<span
  className="inlineError"
/>
`;
